---
source: bin/tests/main.rs
expression: "&out"

---
[W02] Warning: Useless let-in expression
   ╭─[data/empty_let_in.nix:3:5]
   │
 3 │ ╭─▶     let
 5 │ ├─▶     null
   · │              
   · ╰────────────── This let-in expression has no entries
───╯

